


ARM Macro Assembler    Page 1 


    1 00000000 20000400 
                       STORAGE_STATING_ADDRESS
                               EQU              0x20000400  ;
    2 00000000         
    3 00000000                 AREA             main,CODE,READONLY
    4 00000000                 THUMB
    5 00000000         
    6 00000000                 EXTERN           initialize
    7 00000000                 EXTERN           getVoltage
    8 00000000                 EXTERN           pwmInit
    9 00000000         
   10 00000000                 EXPORT           __main
   11 00000000                 ENTRY
   12 00000000         __main
   13 00000000         ;Set PLL to 20 MHZ and also set the PIOSC as the oscilla
                       tor source
   14 00000000         ;In the initiallisations use the PIOSC as the clock sour
                       ce?
   15 00000000         
   16 00000000         ;Do the initialisations
   17 00000000         
   18 00000000         ;    BL pwmInit;
   19 00000000 F7FF FFFE       BL               initialize  ; Innitialise ADC a
                                                            nd GPIOS
   20 00000004         
   21 00000004 F645 54C0       MOV              R4, #24000  ;Contains the numbe
                                                            r of samples to be 
                                                            recorded
   22 00000008 4D02            LDR              R5, =STORAGE_STATING_ADDRESS ;
   23 0000000A         
   24 0000000A F7FF FFFE 
                       colNextSamp
                               BL               getVoltage  ; Loop Until Count 
                                                            is less that 24000 
                                                            (Also stores it)
   25 0000000E 2C00            CMP              R4, #0      ; R4 is substracted
                                                             inside the subrout
                                                            ine
   26 00000010 D1FB            BNE              colNextSamp ;
   27 00000012         
   28 00000012         ;Check if count is less that 24000 then stop the data re
                       cording
   29 00000012 E7FE    Done    B                Done
   30 00000014         
   31 00000014                 ALIGN
   32 00000014                 END
              20000400 
Command Line: --debug --xref --diag_suppress=9931 --cpu=Cortex-M4.fp --apcs=int
erwork --depend=.\objects\main.d -o.\objects\main.o -I.\RTE\_Target_1 -IC:\Keil
_v5\ARM\PACK\Keil\TM4C_DFP\1.1.0\Device\Include\TM4C123 -IC:\Keil_v5\ARM\CMSIS\
Include --predefine="__EVAL SETA 1" --predefine="__UVISION_VERSION SETA 524" --
predefine="TM4C1231H6PM SETA 1" --list=.\listings\main.lst codes\main.s



ARM Macro Assembler    Page 1 Alphabetic symbol ordering
Relocatable symbols

Done 00000012

Symbol: Done
   Definitions
      At line 29 in file codes\main.s
   Uses
      At line 29 in file codes\main.s
Comment: Done used once
__main 00000000

Symbol: __main
   Definitions
      At line 12 in file codes\main.s
   Uses
      At line 10 in file codes\main.s
Comment: __main used once
colNextSamp 0000000A

Symbol: colNextSamp
   Definitions
      At line 24 in file codes\main.s
   Uses
      At line 26 in file codes\main.s
Comment: colNextSamp used once
main 00000000

Symbol: main
   Definitions
      At line 3 in file codes\main.s
   Uses
      None
Comment: main unused
4 symbols



ARM Macro Assembler    Page 1 Alphabetic symbol ordering
Absolute symbols

STORAGE_STATING_ADDRESS 20000400

Symbol: STORAGE_STATING_ADDRESS
   Definitions
      At line 1 in file codes\main.s
   Uses
      At line 22 in file codes\main.s
Comment: STORAGE_STATING_ADDRESS used once
1 symbol



ARM Macro Assembler    Page 1 Alphabetic symbol ordering
External symbols

getVoltage 00000000

Symbol: getVoltage
   Definitions
      At line 7 in file codes\main.s
   Uses
      At line 24 in file codes\main.s
Comment: getVoltage used once
initialize 00000000

Symbol: initialize
   Definitions
      At line 6 in file codes\main.s
   Uses
      At line 19 in file codes\main.s
Comment: initialize used once
pwmInit 00000000

Symbol: pwmInit
   Definitions
      At line 8 in file codes\main.s
   Uses
      None
Comment: pwmInit unused
3 symbols
344 symbols in table
